Archive Project report for MemoryaddrBridge
Sun Dec 26 21:42:26 2010
Quartus II Version 10.0 Build 262 08/18/2010 Service Pack 1 SJ Web Edition


---------------------
; Table of Contents ;
---------------------
  1. Legal Notice
  2. Archive Project Summary
  3. Archive Project Messages
  4. Files Archived



----------------
; Legal Notice ;
----------------
Copyright (C) 1991-2010 Altera Corporation
Your use of Altera Corporation's design tools, logic functions 
and other software and tools, and its AMPP partner logic 
functions, and any output files from any of the foregoing 
(including device programming or simulation files), and any 
associated documentation or information are expressly subject 
to the terms and conditions of the Altera Program License 
Subscription Agreement, Altera MegaCore Function License 
Agreement, or other applicable license agreement, including, 
without limitation, that your use is for the sole purpose of 
programming logic devices manufactured by Altera and sold by 
Altera or its authorized distributors.  Please refer to the 
applicable agreement for further details.



+----------------------------------------------------------------+
; Archive Project Summary                                        ;
+------------------------+---------------------------------------+
; Archive Project Status ; Successful - Sun Dec 26 21:42:26 2010 ;
; Revision Name          ; MemoryaddrBridge                      ;
; Top-level Entity Name  ; MemoryaddrBridge                      ;
; Family                 ; MAX II                                ;
+------------------------+---------------------------------------+


+--------------------------+
; Archive Project Messages ;
+--------------------------+
Info: File Set 'Source control' contains:
    Info: Project source and settings files
    Info: Automatically detected source files
Info: ----------------------------------------------------------
Info: ----------------------------------------------------------
Info: Generated archive 'D:/Documents and Settings/Ior/Desktop/quartusII/MemoryaddrBridge.qar'
Info: ----------------------------------------------------------
Info: ----------------------------------------------------------
Info: Generated report 'MemoryaddrBridge.archive.rpt'
Info: Evaluation of Tcl script c:/altera/10.0sp1/quartus/common/tcl/apps/qpm/qar.tcl was successful
Info: Quartus II Shell was successful. 0 errors, 0 warnings
    Info: Peak virtual memory: 144 megabytes
    Info: Processing ended: Sun Dec 26 21:42:26 2010
    Info: Elapsed time: 00:00:02
    Info: Total CPU time (on all processors): 00:00:01


+----------------------------------------------------------------------+
; Files Archived                                                       ;
+----------------------------------------------------------------------+
; File Name                                                            ;
+----------------------------------------------------------------------+
; D:/Documents and Settings/Ior/Desktop/quartusII/MemoryaddrBridge.dpf ;
; incremental_db/compiled_partitions/MemoryaddrBridge.db_info          ;
; MemoryaddrBridge.qpf                                                 ;
; MemoryaddrBridge.qsf                                                 ;
; MemoryaddrBridge.sdc                                                 ;
; MemoryaddrBridge_assignment_defaults.qdf                             ;
; Verilog1.v                                                           ;
+----------------------------------------------------------------------+


